Started by user admin
Checking out git file:///seed/repo into /var/jenkins_home/workspace/sample-app-devsecops@script/2afefc76bc40acc429cb5c9cacf825ad5567c8b4d7f3a1100056d4fc0df38694 to read Jenkinsfile
The recommended git tool is: NONE
No credentials specified
Cloning the remote Git repository
Cloning repository file:///seed/repo
 > git init /var/jenkins_home/workspace/sample-app-devsecops@script/2afefc76bc40acc429cb5c9cacf825ad5567c8b4d7f3a1100056d4fc0df38694 # timeout=10
Fetching upstream changes from file:///seed/repo
 > git --version # timeout=10
 > git --version # 'git version 2.47.3'
 > git fetch --tags --force --progress -- file:///seed/repo +refs/heads/*:refs/remotes/origin/* # timeout=10
 > git config remote.origin.url file:///seed/repo # timeout=10
 > git config --add remote.origin.fetch +refs/heads/*:refs/remotes/origin/* # timeout=10
Avoid second fetch
 > git rev-parse refs/remotes/origin/vulnerable-demo^{commit} # timeout=10
Checking out Revision 7d8b64752369bb1cdcf31ebab10fd3bcf03f1818 (refs/remotes/origin/vulnerable-demo)
 > git config core.sparsecheckout # timeout=10
 > git checkout -f 7d8b64752369bb1cdcf31ebab10fd3bcf03f1818 # timeout=10
Commit message: "vulnerable-demo: pin known-vulnerable dependencies"
First time build. Skipping changelog.
[Pipeline] Start of Pipeline
[Pipeline] node
Running on Jenkins in /var/jenkins_home/workspace/sample-app-devsecops
[Pipeline] {
[Pipeline] stage
[Pipeline] { (Declarative: Checkout SCM)
[Pipeline] checkout
The recommended git tool is: NONE
No credentials specified
Cloning the remote Git repository
Cloning repository file:///seed/repo
 > git init /var/jenkins_home/workspace/sample-app-devsecops # timeout=10
Fetching upstream changes from file:///seed/repo
 > git --version # timeout=10
 > git --version # 'git version 2.47.3'
 > git fetch --tags --force --progress -- file:///seed/repo +refs/heads/*:refs/remotes/origin/* # timeout=10
 > git config remote.origin.url file:///seed/repo # timeout=10
 > git config --add remote.origin.fetch +refs/heads/*:refs/remotes/origin/* # timeout=10
Avoid second fetch
 > git rev-parse refs/remotes/origin/vulnerable-demo^{commit} # timeout=10
Checking out Revision 7d8b64752369bb1cdcf31ebab10fd3bcf03f1818 (refs/remotes/origin/vulnerable-demo)
 > git config core.sparsecheckout # timeout=10
 > git checkout -f 7d8b64752369bb1cdcf31ebab10fd3bcf03f1818 # timeout=10
Commit message: "vulnerable-demo: pin known-vulnerable dependencies"
[Pipeline] }
[Pipeline] // stage
[Pipeline] withEnv
[Pipeline] {
[Pipeline] withEnv
[Pipeline] {
[Pipeline] timestamps
[Pipeline] {
[Pipeline] ansiColor
[Pipeline] {
[2026-10-04T23:08:41.022Z] 
[Pipeline] timeout
[2026-10-04T23:08:41.064Z] Timeout set to expire in 45 min
[Pipeline] {
[Pipeline] stage
[Pipeline] { (Checkout)
[Pipeline] checkout
[2026-10-04T23:08:41.188Z] The recommended git tool is: NONE
[2026-10-04T23:08:41.188Z] No credentials specified
[2026-10-04T23:08:41.189Z]  > git rev-parse --resolve-git-dir /var/jenkins_home/workspace/sample-app-devsecops/.git # timeout=10
[2026-10-04T23:08:41.192Z] Fetching changes from the remote Git repository
[2026-10-04T23:08:41.194Z]  > git config remote.origin.url file:///seed/repo # timeout=10
[2026-10-04T23:08:41.198Z] Fetching upstream changes from file:///seed/repo
[2026-10-04T23:08:41.198Z]  > git --version # timeout=10
[2026-10-04T23:08:41.201Z]  > git --version # 'git version 2.47.3'
[2026-10-04T23:08:41.202Z]  > git fetch --tags --force --progress -- file:///seed/repo +refs/heads/*:refs/remotes/origin/* # timeout=10
[2026-10-04T23:08:41.214Z]  > git rev-parse refs/remotes/origin/vulnerable-demo^{commit} # timeout=10
[2026-10-04T23:08:41.219Z] Checking out Revision 7d8b64752369bb1cdcf31ebab10fd3bcf03f1818 (refs/remotes/origin/vulnerable-demo)
[2026-10-04T23:08:41.219Z]  > git config core.sparsecheckout # timeout=10
[2026-10-04T23:08:41.224Z]  > git checkout -f 7d8b64752369bb1cdcf31ebab10fd3bcf03f1818 # timeout=10
[2026-10-04T23:08:41.232Z] Commit message: "vulnerable-demo: pin known-vulnerable dependencies"
[Pipeline] sh
[2026-10-04T23:08:41.544Z] 7d8b647 vulnerable-demo: pin known-vulnerable dependencies
[Pipeline] }
[Pipeline] // stage
[Pipeline] stage
[Pipeline] { (Build image)
[Pipeline] sh
[2026-10-04T23:08:42.595Z] #0 building with "default" instance using docker driver
[2026-10-04T23:08:42.595Z] 
[2026-10-04T23:08:42.596Z] #1 [internal] load build definition from Dockerfile
[2026-10-04T23:08:42.596Z] #1 transferring dockerfile: 1.27kB done
[2026-10-04T23:08:42.596Z] #1 DONE 0.0s
[2026-10-04T23:08:42.596Z] 
[2026-10-04T23:08:42.596Z] #2 [internal] load metadata for docker.io/library/python:3.12.15-slim-bookworm
[2026-10-04T23:08:45.087Z] #2 DONE 2.5s
[2026-10-04T23:08:45.087Z] 
[2026-10-04T23:08:45.087Z] #3 [internal] load .dockerignore
[2026-10-04T23:08:45.087Z] #3 transferring context: 116B done
[2026-10-04T23:08:45.087Z] #3 DONE 0.0s
[2026-10-04T23:08:45.087Z] 
[2026-10-04T23:08:45.087Z] #4 [internal] load build context
[2026-10-04T23:08:45.087Z] #4 transferring context: 2.90kB done
[2026-10-04T23:08:45.087Z] #4 DONE 0.0s
[2026-10-04T23:08:45.087Z] 
[2026-10-04T23:08:45.087Z] #5 [base 1/2] FROM docker.io/library/python:3.12.15-slim-bookworm@sha256:54c85f3c47607a77f32adec749d3c81d1348bf25833671f512b26a9b6d778cb3
[2026-10-04T23:08:45.087Z] #5 resolve docker.io/library/python:3.12.15-slim-bookworm@sha256:54c85f3c47607a77f32adec749d3c81d1348bf25833671f512b26a9b6d778cb3 0.0s done
[2026-10-04T23:08:45.087Z] #5 DONE 0.1s
[2026-10-04T23:08:45.087Z] 
[2026-10-04T23:08:45.087Z] #5 [base 1/2] FROM docker.io/library/python:3.12.15-slim-bookworm@sha256:54c85f3c47607a77f32adec749d3c81d1348bf25833671f512b26a9b6d778cb3
[2026-10-04T23:08:45.087Z] #5 sha256:5178256f396bb556aab3006b443dce8ba6c5a9863abeb0b757ad7319af1b2238 0B / 250B 0.2s
[2026-10-04T23:08:45.339Z] #5 sha256:5178256f396bb556aab3006b443dce8ba6c5a9863abeb0b757ad7319af1b2238 250B / 250B 0.2s done
[2026-10-04T23:08:45.339Z] #5 sha256:dd8fff778ff6006ec901922031a5c00067338c079435bdc790468d359b9797c2 0B / 13.61MB 0.3s
[2026-10-04T23:08:45.339Z] #5 sha256:333125b5cee9fb6718bdcb523fc93b4adc71b7c37ada6146a20c193430e549b9 0B / 28.12MB 0.2s
[2026-10-04T23:08:45.339Z] #5 sha256:3cdc64d2ec2c1952d47b21c981c11d770071ba3a1e6c1f35843919d826b09684 0B / 3.82MB 0.2s
[2026-10-04T23:08:46.695Z] #5 sha256:dd8fff778ff6006ec901922031a5c00067338c079435bdc790468d359b9797c2 1.05MB / 13.61MB 1.4s
[2026-10-04T23:08:46.695Z] #5 sha256:dd8fff778ff6006ec901922031a5c00067338c079435bdc790468d359b9797c2 2.10MB / 13.61MB 1.5s
[2026-10-04T23:08:46.695Z] #5 sha256:dd8fff778ff6006ec901922031a5c00067338c079435bdc790468d359b9797c2 3.15MB / 13.61MB 1.7s
[2026-10-04T23:08:46.946Z] #5 sha256:dd8fff778ff6006ec901922031a5c00067338c079435bdc790468d359b9797c2 4.19MB / 13.61MB 1.8s
[2026-10-04T23:08:46.947Z] #5 sha256:3cdc64d2ec2c1952d47b21c981c11d770071ba3a1e6c1f35843919d826b09684 1.05MB / 3.82MB 1.7s
[2026-10-04T23:08:46.947Z] #5 sha256:dd8fff778ff6006ec901922031a5c00067338c079435bdc790468d359b9797c2 7.34MB / 13.61MB 2.0s
[2026-10-04T23:08:47.200Z] #5 sha256:3cdc64d2ec2c1952d47b21c981c11d770071ba3a1e6c1f35843919d826b09684 3.82MB / 3.82MB 2.1s done
[2026-10-04T23:08:47.200Z] #5 sha256:dd8fff778ff6006ec901922031a5c00067338c079435bdc790468d359b9797c2 13.61MB / 13.61MB 2.2s done
[2026-10-04T23:08:47.200Z] #5 sha256:333125b5cee9fb6718bdcb523fc93b4adc71b7c37ada6146a20c193430e549b9 2.10MB / 28.12MB 2.1s
[2026-10-04T23:08:47.452Z] #5 sha256:333125b5cee9fb6718bdcb523fc93b4adc71b7c37ada6146a20c193430e549b9 6.29MB / 28.12MB 2.4s
[2026-10-04T23:08:47.703Z] #5 sha256:333125b5cee9fb6718bdcb523fc93b4adc71b7c37ada6146a20c193430e549b9 9.44MB / 28.12MB 2.6s
[2026-10-04T23:08:47.703Z] #5 sha256:333125b5cee9fb6718bdcb523fc93b4adc71b7c37ada6146a20c193430e549b9 14.68MB / 28.12MB 2.7s
[2026-10-04T23:08:47.956Z] #5 sha256:333125b5cee9fb6718bdcb523fc93b4adc71b7c37ada6146a20c193430e549b9 18.87MB / 28.12MB 3.0s
[2026-10-04T23:08:48.212Z] #5 sha256:333125b5cee9fb6718bdcb523fc93b4adc71b7c37ada6146a20c193430e549b9 23.07MB / 28.12MB 3.2s
[2026-10-04T23:08:48.464Z] #5 sha256:333125b5cee9fb6718bdcb523fc93b4adc71b7c37ada6146a20c193430e549b9 26.21MB / 28.12MB 3.3s
[2026-10-04T23:08:48.464Z] #5 sha256:333125b5cee9fb6718bdcb523fc93b4adc71b7c37ada6146a20c193430e549b9 28.12MB / 28.12MB 3.5s
[2026-10-04T23:08:48.715Z] #5 sha256:333125b5cee9fb6718bdcb523fc93b4adc71b7c37ada6146a20c193430e549b9 28.12MB / 28.12MB 3.5s done
[2026-10-04T23:08:48.715Z] #5 extracting sha256:333125b5cee9fb6718bdcb523fc93b4adc71b7c37ada6146a20c193430e549b9
[2026-10-04T23:08:49.628Z] #5 extracting sha256:333125b5cee9fb6718bdcb523fc93b4adc71b7c37ada6146a20c193430e549b9 1.1s done
[2026-10-04T23:08:49.628Z] #5 DONE 4.7s
[2026-10-04T23:08:49.880Z] 
[2026-10-04T23:08:49.880Z] #5 [base 1/2] FROM docker.io/library/python:3.12.15-slim-bookworm@sha256:54c85f3c47607a77f32adec749d3c81d1348bf25833671f512b26a9b6d778cb3
[2026-10-04T23:08:49.880Z] #5 extracting sha256:3cdc64d2ec2c1952d47b21c981c11d770071ba3a1e6c1f35843919d826b09684
[2026-10-04T23:08:49.880Z] #5 extracting sha256:3cdc64d2ec2c1952d47b21c981c11d770071ba3a1e6c1f35843919d826b09684 0.2s done
[2026-10-04T23:08:49.880Z] #5 DONE 5.0s
[2026-10-04T23:08:50.131Z] 
[2026-10-04T23:08:50.131Z] #5 [base 1/2] FROM docker.io/library/python:3.12.15-slim-bookworm@sha256:54c85f3c47607a77f32adec749d3c81d1348bf25833671f512b26a9b6d778cb3
[2026-10-04T23:08:50.131Z] #5 extracting sha256:dd8fff778ff6006ec901922031a5c00067338c079435bdc790468d359b9797c2
[2026-10-04T23:08:50.684Z] #5 extracting sha256:dd8fff778ff6006ec901922031a5c00067338c079435bdc790468d359b9797c2 0.6s done
[2026-10-04T23:08:50.685Z] #5 DONE 5.5s
[2026-10-04T23:08:50.685Z] 
[2026-10-04T23:08:50.685Z] #5 [base 1/2] FROM docker.io/library/python:3.12.15-slim-bookworm@sha256:54c85f3c47607a77f32adec749d3c81d1348bf25833671f512b26a9b6d778cb3
[2026-10-04T23:08:50.685Z] #5 extracting sha256:5178256f396bb556aab3006b443dce8ba6c5a9863abeb0b757ad7319af1b2238 0.0s done
[2026-10-04T23:08:50.685Z] #5 DONE 5.6s
[2026-10-04T23:08:50.685Z] 
[2026-10-04T23:08:50.685Z] #6 [base 2/2] WORKDIR /app
[2026-10-04T23:08:51.610Z] #6 DONE 0.9s
[2026-10-04T23:08:51.610Z] 
[2026-10-04T23:08:51.610Z] #7 [deps 1/2] COPY requirements.txt .
[2026-10-04T23:08:51.610Z] #7 DONE 0.0s
[2026-10-04T23:08:51.610Z] 
[2026-10-04T23:08:51.610Z] #8 [deps 2/2] RUN pip install -r requirements.txt
[2026-10-04T23:08:52.968Z] #8 1.547 Collecting Flask==2.2.2 (from -r requirements.txt (line 3))
[2026-10-04T23:08:53.219Z] #8 1.804   Downloading Flask-2.2.2-py3-none-any.whl.metadata (3.9 kB)
[2026-10-04T23:08:53.474Z] #8 1.840 Collecting Werkzeug==2.2.2 (from -r requirements.txt (line 4))
[2026-10-04T23:08:53.474Z] #8 1.865   Downloading Werkzeug-2.2.2-py3-none-any.whl.metadata (4.4 kB)
[2026-10-04T23:08:53.474Z] #8 1.892 Collecting Jinja2==3.1.2 (from -r requirements.txt (line 5))
[2026-10-04T23:08:53.474Z] #8 1.913   Downloading Jinja2-3.1.2-py3-none-any.whl.metadata (3.5 kB)
[2026-10-04T23:08:53.474Z] #8 1.940 Collecting itsdangerous==2.1.2 (from -r requirements.txt (line 6))
[2026-10-04T23:08:53.474Z] #8 1.959   Downloading itsdangerous-2.1.2-py3-none-any.whl.metadata (2.9 kB)
[2026-10-04T23:08:53.474Z] #8 1.989 Collecting click==8.1.3 (from -r requirements.txt (line 7))
[2026-10-04T23:08:53.474Z] #8 2.010   Downloading click-8.1.3-py3-none-any.whl.metadata (3.2 kB)
[2026-10-04T23:08:53.474Z] #8 2.094 Collecting MarkupSafe==2.1.5 (from -r requirements.txt (line 8))
[2026-10-04T23:08:53.727Z] #8 2.250   Downloading MarkupSafe-2.1.5-cp312-cp312-manylinux_2_17_aarch64.manylinux2014_aarch64.whl.metadata (3.0 kB)
[2026-10-04T23:08:53.980Z] #8 2.299 Collecting gunicorn==20.1.0 (from -r requirements.txt (line 9))
[2026-10-04T23:08:53.980Z] #8 2.323   Downloading gunicorn-20.1.0-py3-none-any.whl.metadata (3.8 kB)
[2026-10-04T23:08:53.980Z] #8 2.489 Collecting setuptools>=3.0 (from gunicorn==20.1.0->-r requirements.txt (line 9))
[2026-10-04T23:08:53.980Z] #8 2.510   Downloading setuptools-84.0.0-py3-none-any.whl.metadata (6.6 kB)
[2026-10-04T23:08:53.980Z] #8 2.536 Downloading Flask-2.2.2-py3-none-any.whl (101 kB)
[2026-10-04T23:08:53.980Z] #8 2.591 Downloading Werkzeug-2.2.2-py3-none-any.whl (232 kB)
[2026-10-04T23:08:54.235Z] #8 2.774 Downloading Jinja2-3.1.2-py3-none-any.whl (133 kB)
[2026-10-04T23:08:54.235Z] #8 2.809 Downloading itsdangerous-2.1.2-py3-none-any.whl (15 kB)
[2026-10-04T23:08:54.235Z] #8 2.832 Downloading click-8.1.3-py3-none-any.whl (96 kB)
[2026-10-04T23:08:54.235Z] #8 2.854 Downloading MarkupSafe-2.1.5-cp312-cp312-manylinux_2_17_aarch64.manylinux2014_aarch64.whl (29 kB)
[2026-10-04T23:08:54.235Z] #8 2.874 Downloading gunicorn-20.1.0-py3-none-any.whl (79 kB)
[2026-10-04T23:08:54.235Z] #8 2.895 Downloading setuptools-84.0.0-py3-none-any.whl (818 kB)
[2026-10-04T23:08:54.489Z] #8 2.923    ━━━━━━━━━━━━━━━━━━━━━━━━━━━━━━━━━━━━━━━━ 818.2/818.2 kB 29.4 MB/s eta 0:00:00
[2026-10-04T23:08:54.489Z] #8 2.943 Installing collected packages: setuptools, MarkupSafe, itsdangerous, click, Werkzeug, Jinja2, gunicorn, Flask
[2026-10-04T23:08:55.408Z] #8 3.868 Successfully installed Flask-2.2.2 Jinja2-3.1.2 MarkupSafe-2.1.5 Werkzeug-2.2.2 click-8.1.3 gunicorn-20.1.0 itsdangerous-2.1.2 setuptools-84.0.0
[2026-10-04T23:08:55.408Z] #8 3.868 WARNING: Running pip as the 'root' user can result in broken permissions and conflicting behaviour with the system package manager, possibly rendering your system unusable. It is recommended to use a virtual environment instead: https://pip.pypa.io/warnings/venv. Use the --root-user-action option if you know what you are doing and want to suppress this warning.
[2026-10-04T23:08:55.408Z] #8 DONE 4.0s
[2026-10-04T23:08:55.659Z] 
[2026-10-04T23:08:55.659Z] #9 [runtime 1/2] RUN groupadd --system --gid 10001 app  && useradd --system --uid 10001 --gid app --no-create-home --shell /usr/sbin/nologin app
[2026-10-04T23:08:55.659Z] #9 0.177 useradd warning: app's uid 10001 is greater than SYS_UID_MAX 999
[2026-10-04T23:08:55.910Z] #9 DONE 0.2s
[2026-10-04T23:08:55.910Z] 
[2026-10-04T23:08:55.910Z] #10 [runtime 2/2] COPY main.py .
[2026-10-04T23:08:55.910Z] #10 DONE 0.0s
[2026-10-04T23:08:55.910Z] 
[2026-10-04T23:08:55.910Z] #11 exporting to image
[2026-10-04T23:08:55.910Z] #11 exporting layers
[2026-10-04T23:08:56.161Z] #11 exporting layers 0.5s done
[2026-10-04T23:08:56.412Z] #11 exporting manifest sha256:c8ef6bbbbcd45b94f036826901bce46828aa2347e30c570014493480a26ec1c7 done
[2026-10-04T23:08:56.413Z] #11 exporting config sha256:8046e0a0ffeb103b95b3f5e61ffbed862a22eb29bc07818440cc7b871b25fd8f done
[2026-10-04T23:08:56.413Z] #11 exporting attestation manifest sha256:5804aa15fe70967b7afbc8d0ea5d34496b8c82199305910e4f3acd2914de1928 0.0s done
[2026-10-04T23:08:56.413Z] #11 exporting manifest list sha256:8ee8f8b7bf5d43158422d0662d53f37f61d601d6884a67e3bcbbe814eb9686c7 done
[2026-10-04T23:08:56.413Z] #11 naming to docker.io/library/sample-app:1 done
[2026-10-04T23:08:56.413Z] #11 unpacking to docker.io/library/sample-app:1
[2026-10-04T23:08:56.413Z] #11 unpacking to docker.io/library/sample-app:1 0.2s done
[2026-10-04T23:08:56.413Z] #11 DONE 0.8s
[2026-10-04T23:08:56.965Z] #0 building with "default" instance using docker driver
[2026-10-04T23:08:56.965Z] 
[2026-10-04T23:08:56.965Z] #1 [internal] load build definition from Dockerfile
[2026-10-04T23:08:56.965Z] #1 transferring dockerfile: 1.27kB done
[2026-10-04T23:08:56.965Z] #1 DONE 0.0s
[2026-10-04T23:08:56.965Z] 
[2026-10-04T23:08:56.965Z] #2 [internal] load metadata for docker.io/library/python:3.12.15-slim-bookworm
[2026-10-04T23:08:56.965Z] #2 DONE 0.1s
[2026-10-04T23:08:57.217Z] 
[2026-10-04T23:08:57.217Z] #3 [internal] load .dockerignore
[2026-10-04T23:08:57.217Z] #3 transferring context: 116B done
[2026-10-04T23:08:57.217Z] #3 DONE 0.0s
[2026-10-04T23:08:57.217Z] 
[2026-10-04T23:08:57.217Z] #4 [base 1/2] FROM docker.io/library/python:3.12.15-slim-bookworm@sha256:54c85f3c47607a77f32adec749d3c81d1348bf25833671f512b26a9b6d778cb3
[2026-10-04T23:08:57.217Z] #4 resolve docker.io/library/python:3.12.15-slim-bookworm@sha256:54c85f3c47607a77f32adec749d3c81d1348bf25833671f512b26a9b6d778cb3 0.0s done
[2026-10-04T23:08:57.217Z] #4 DONE 0.0s
[2026-10-04T23:08:57.217Z] 
[2026-10-04T23:08:57.217Z] #5 [internal] load build context
[2026-10-04T23:08:57.217Z] #5 transferring context: 265B done
[2026-10-04T23:08:57.217Z] #5 DONE 0.0s
[2026-10-04T23:08:57.217Z] 
[2026-10-04T23:08:57.217Z] #6 [base 2/2] WORKDIR /app
[2026-10-04T23:08:57.217Z] #6 CACHED
[2026-10-04T23:08:57.217Z] 
[2026-10-04T23:08:57.217Z] #7 [deps 1/2] COPY requirements.txt .
[2026-10-04T23:08:57.217Z] #7 CACHED
[2026-10-04T23:08:57.217Z] 
[2026-10-04T23:08:57.217Z] #8 [deps 2/2] RUN pip install -r requirements.txt
[2026-10-04T23:08:57.217Z] #8 CACHED
[2026-10-04T23:08:57.217Z] 
[2026-10-04T23:08:57.217Z] #9 [test 1/2] COPY requirements-dev.txt .
[2026-10-04T23:08:57.217Z] #9 DONE 0.1s
[2026-10-04T23:08:57.217Z] 
[2026-10-04T23:08:57.217Z] #10 [test 2/2] RUN pip install -r requirements-dev.txt
[2026-10-04T23:08:58.567Z] #10 1.172 Requirement already satisfied: Flask==2.2.2 in /usr/local/lib/python3.12/site-packages (from -r /app/requirements.txt (line 3)) (2.2.2)
[2026-10-04T23:08:58.567Z] #10 1.172 Requirement already satisfied: Werkzeug==2.2.2 in /usr/local/lib/python3.12/site-packages (from -r /app/requirements.txt (line 4)) (2.2.2)
[2026-10-04T23:08:58.567Z] #10 1.172 Requirement already satisfied: Jinja2==3.1.2 in /usr/local/lib/python3.12/site-packages (from -r /app/requirements.txt (line 5)) (3.1.2)
[2026-10-04T23:08:58.567Z] #10 1.173 Requirement already satisfied: itsdangerous==2.1.2 in /usr/local/lib/python3.12/site-packages (from -r /app/requirements.txt (line 6)) (2.1.2)
[2026-10-04T23:08:58.567Z] #10 1.173 Requirement already satisfied: click==8.1.3 in /usr/local/lib/python3.12/site-packages (from -r /app/requirements.txt (line 7)) (8.1.3)
[2026-10-04T23:08:58.567Z] #10 1.173 Requirement already satisfied: MarkupSafe==2.1.5 in /usr/local/lib/python3.12/site-packages (from -r /app/requirements.txt (line 8)) (2.1.5)
[2026-10-04T23:08:58.567Z] #10 1.174 Requirement already satisfied: gunicorn==20.1.0 in /usr/local/lib/python3.12/site-packages (from -r /app/requirements.txt (line 9)) (20.1.0)
[2026-10-04T23:08:58.567Z] #10 1.415 Collecting pytest==9.1.1 (from -r requirements-dev.txt (line 3))
[2026-10-04T23:08:58.822Z] #10 1.556   Downloading pytest-9.1.1-py3-none-any.whl.metadata (7.6 kB)
[2026-10-04T23:08:58.822Z] #10 1.586 Collecting pytest-cov==7.1.0 (from -r requirements-dev.txt (line 4))
[2026-10-04T23:08:58.822Z] #10 1.608   Downloading pytest_cov-7.1.0-py3-none-any.whl.metadata (32 kB)
[2026-10-04T23:08:58.822Z] #10 1.790 Collecting Pygments==2.21.0 (from -r requirements-dev.txt (line 5))
[2026-10-04T23:08:59.073Z] #10 1.810   Downloading pygments-2.21.0-py3-none-any.whl.metadata (2.5 kB)
[2026-10-04T23:08:59.326Z] #10 2.207 Collecting coverage==7.16.2 (from -r requirements-dev.txt (line 6))
[2026-10-04T23:08:59.580Z] #10 2.317   Downloading coverage-7.16.2-cp312-cp312-manylinux2014_aarch64.manylinux_2_17_aarch64.manylinux_2_28_aarch64.whl.metadata (8.2 kB)
[2026-10-04T23:08:59.580Z] #10 2.378 Collecting iniconfig==2.3.0 (from -r requirements-dev.txt (line 7))
[2026-10-04T23:08:59.580Z] #10 2.396   Downloading iniconfig-2.3.0-py3-none-any.whl.metadata (2.5 kB)
[2026-10-04T23:08:59.580Z] #10 2.469 Collecting packaging==26.3 (from -r requirements-dev.txt (line 8))
[2026-10-04T23:08:59.836Z] #10 2.489   Downloading packaging-26.3-py3-none-any.whl.metadata (3.5 kB)
[2026-10-04T23:08:59.836Z] #10 2.518 Collecting pluggy==1.6.0 (from -r requirements-dev.txt (line 9))
[2026-10-04T23:08:59.836Z] #10 2.537   Downloading pluggy-1.6.0-py3-none-any.whl.metadata (4.8 kB)
[2026-10-04T23:08:59.836Z] #10 2.544 Requirement already satisfied: setuptools>=3.0 in /usr/local/lib/python3.12/site-packages (from gunicorn==20.1.0->-r /app/requirements.txt (line 9)) (84.0.0)
[2026-10-04T23:08:59.836Z] #10 2.592 Downloading pytest-9.1.1-py3-none-any.whl (386 kB)
[2026-10-04T23:08:59.836Z] #10 2.657 Downloading pytest_cov-7.1.0-py3-none-any.whl (22 kB)
[2026-10-04T23:09:00.087Z] #10 2.829 Downloading pygments-2.21.0-py3-none-any.whl (1.3 MB)
[2026-10-04T23:09:00.087Z] #10 2.889    ━━━━━━━━━━━━━━━━━━━━━━━━━━━━━━━━━━━━━━━━ 1.3/1.3 MB 18.4 MB/s eta 0:00:00
[2026-10-04T23:09:00.087Z] #10 2.911 Downloading coverage-7.16.2-cp312-cp312-manylinux2014_aarch64.manylinux_2_17_aarch64.manylinux_2_28_aarch64.whl (259 kB)
[2026-10-04T23:09:00.088Z] #10 2.935 Downloading iniconfig-2.3.0-py3-none-any.whl (7.5 kB)
[2026-10-04T23:09:00.341Z] #10 2.955 Downloading packaging-26.3-py3-none-any.whl (129 kB)
[2026-10-04T23:09:00.341Z] #10 2.976 Downloading pluggy-1.6.0-py3-none-any.whl (20 kB)
[2026-10-04T23:09:00.341Z] #10 3.001 Installing collected packages: Pygments, pluggy, packaging, iniconfig, coverage, pytest, pytest-cov
[2026-10-04T23:09:01.257Z] #10 4.051 Successfully installed Pygments-2.21.0 coverage-7.16.2 iniconfig-2.3.0 packaging-26.3 pluggy-1.6.0 pytest-9.1.1 pytest-cov-7.1.0
[2026-10-04T23:09:01.257Z] #10 4.051 WARNING: Running pip as the 'root' user can result in broken permissions and conflicting behaviour with the system package manager, possibly rendering your system unusable. It is recommended to use a virtual environment instead: https://pip.pypa.io/warnings/venv. Use the --root-user-action option if you know what you are doing and want to suppress this warning.
[2026-10-04T23:09:01.508Z] #10 DONE 4.3s
[2026-10-04T23:09:01.508Z] 
[2026-10-04T23:09:01.508Z] #11 exporting to image
[2026-10-04T23:09:01.508Z] #11 exporting layers
[2026-10-04T23:09:02.060Z] #11 exporting layers 0.6s done
[2026-10-04T23:09:02.312Z] #11 exporting manifest sha256:668b97db942f3ca29fd0c15971deffdc72f73e50a74a1837dfaa2360a6f77912 done
[2026-10-04T23:09:02.313Z] #11 exporting config sha256:4a25f87c2eec8a2723755049d7c0ac0f8c2273d4e1cc1cd7092bfc2e92597816 done
[2026-10-04T23:09:02.313Z] #11 exporting attestation manifest sha256:42785447d1150fd64bd2ab00b3f02eb89fba395dae10c0eeef5b7c2d07f76f10 0.0s done
[2026-10-04T23:09:02.313Z] #11 exporting manifest list sha256:e6f41913246dc8d337e3efea6b8c39311d8b6fb33cf1b622ed7aaafa023e5ee7 done
[2026-10-04T23:09:02.313Z] #11 naming to docker.io/library/sample-app-test:1 done
[2026-10-04T23:09:02.313Z] #11 unpacking to docker.io/library/sample-app-test:1
[2026-10-04T23:09:02.313Z] #11 unpacking to docker.io/library/sample-app-test:1 0.2s done
[2026-10-04T23:09:02.313Z] #11 DONE 0.8s
[Pipeline] }
[Pipeline] // stage
[Pipeline] stage
[Pipeline] { (Unit tests)
[Pipeline] sh
[2026-10-04T23:09:03.353Z] ============================= test session starts ==============================
[2026-10-04T23:09:03.353Z] platform linux -- Python 3.12.15, pytest-9.1.1, pluggy-1.6.0
[2026-10-04T23:09:03.353Z] rootdir: /var/jenkins_home/workspace/sample-app-devsecops/app
[2026-10-04T23:09:03.353Z] plugins: cov-7.1.0
[2026-10-04T23:09:03.913Z] collected 16 items
[2026-10-04T23:09:03.913Z] 
[2026-10-04T23:09:03.913Z] tests/test_main.py ................                                      [100%]
[2026-10-04T23:09:03.913Z] 
[2026-10-04T23:09:03.913Z] =============================== warnings summary ===============================
[2026-10-04T23:09:03.913Z] ../../../../../usr/local/lib/python3.12/site-packages/werkzeug/routing/rules.py:726: 11 warnings
[2026-10-04T23:09:03.913Z] tests/test_main.py: 160 warnings
[2026-10-04T23:09:03.913Z]   /usr/local/lib/python3.12/site-packages/werkzeug/routing/rules.py:726: DeprecationWarning: ast.Str is deprecated and will be removed in Python 3.14; use ast.Constant instead
[2026-10-04T23:09:03.913Z]     parts = parts or [ast.Str("")]
[2026-10-04T23:09:03.913Z] 
[2026-10-04T23:09:03.913Z] ../../../../../usr/local/lib/python3.12/site-packages/werkzeug/routing/rules.py:723: 34 warnings
[2026-10-04T23:09:03.913Z] tests/test_main.py: 544 warnings
[2026-10-04T23:09:03.914Z]   /usr/local/lib/python3.12/site-packages/werkzeug/routing/rules.py:723: DeprecationWarning: ast.Str is deprecated and will be removed in Python 3.14; use ast.Constant instead
[2026-10-04T23:09:03.914Z]     _convert(elem) if is_dynamic else ast.Str(s=elem)
[2026-10-04T23:09:03.914Z] 
[2026-10-04T23:09:03.914Z] ../../../../../usr/local/lib/python3.12/ast.py:587: 34 warnings
[2026-10-04T23:09:03.914Z] tests/test_main.py: 544 warnings
[2026-10-04T23:09:03.914Z]   /usr/local/lib/python3.12/ast.py:587: DeprecationWarning: Attribute s is deprecated and will be removed in Python 3.14; use value instead
[2026-10-04T23:09:03.914Z]     return Constant(*args, **kwargs)
[2026-10-04T23:09:03.914Z] 
[2026-10-04T23:09:03.914Z] ../../../../../usr/local/lib/python3.12/site-packages/werkzeug/routing/rules.py:730: 56 warnings
[2026-10-04T23:09:03.914Z] tests/test_main.py: 896 warnings
[2026-10-04T23:09:03.914Z]   /usr/local/lib/python3.12/site-packages/werkzeug/routing/rules.py:730: DeprecationWarning: ast.Str is deprecated and will be removed in Python 3.14; use ast.Constant instead
[2026-10-04T23:09:03.914Z]     if isinstance(p, ast.Str) and isinstance(ret[-1], ast.Str):
[2026-10-04T23:09:03.914Z] 
[2026-10-04T23:09:03.914Z] ../../../../../usr/local/lib/python3.12/site-packages/werkzeug/routing/rules.py:731: 44 warnings
[2026-10-04T23:09:03.914Z] tests/test_main.py: 704 warnings
[2026-10-04T23:09:03.914Z]   /usr/local/lib/python3.12/site-packages/werkzeug/routing/rules.py:731: DeprecationWarning: Attribute s is deprecated and will be removed in Python 3.14; use value instead
[2026-10-04T23:09:03.914Z]     ret[-1] = ast.Str(ret[-1].s + p.s)
[2026-10-04T23:09:03.914Z] 
[2026-10-04T23:09:03.914Z] ../../../../../usr/local/lib/python3.12/site-packages/werkzeug/routing/rules.py:731: 22 warnings
[2026-10-04T23:09:03.914Z] tests/test_main.py: 352 warnings
[2026-10-04T23:09:03.914Z]   /usr/local/lib/python3.12/site-packages/werkzeug/routing/rules.py:731: DeprecationWarning: ast.Str is deprecated and will be removed in Python 3.14; use ast.Constant instead
[2026-10-04T23:09:03.914Z]     ret[-1] = ast.Str(ret[-1].s + p.s)
[2026-10-04T23:09:03.914Z] 
[2026-10-04T23:09:03.914Z] -- Docs: https://docs.pytest.org/en/stable/how-to/capture-warnings.html
[2026-10-04T23:09:03.914Z] - generated xml file: /var/jenkins_home/workspace/sample-app-devsecops/reports/junit.xml -
[2026-10-04T23:09:03.914Z] ================================ tests coverage ================================
[2026-10-04T23:09:03.914Z] _______________ coverage: platform linux, python 3.12.15-final-0 _______________
[2026-10-04T23:09:03.914Z] 
[2026-10-04T23:09:03.914Z] Name      Stmts   Miss  Cover
[2026-10-04T23:09:03.914Z] -----------------------------
[2026-10-04T23:09:03.914Z] main.py      34      0   100%
[2026-10-04T23:09:03.914Z] -----------------------------
[2026-10-04T23:09:03.914Z] TOTAL        34      0   100%
[2026-10-04T23:09:03.914Z] Coverage XML written to file /var/jenkins_home/workspace/sample-app-devsecops/reports/coverage.xml
[2026-10-04T23:09:03.914Z] ====================== 16 passed, 3401 warnings in 0.59s =======================
Post stage
[Pipeline] junit
[2026-10-04T23:09:04.242Z] Recording test results
[2026-10-04T23:09:04.394Z] [Checks API] No suitable checks publisher found.
[Pipeline] }
[Pipeline] // stage
[Pipeline] stage
[Pipeline] { (Snyk dependency scan (optional))
[Pipeline] script
[Pipeline] {
[Pipeline] }
[Pipeline] // script
[Pipeline] withCredentials
[2026-10-04T23:09:04.738Z] Masking supported pattern matches of $SNYK_TOKEN or $SNYK_ORG
[Pipeline] {
[Pipeline] sh
[2026-10-04T23:09:05.021Z] Unable to find image 'snyk/snyk@sha256:2bf614cc097023e2f391ddd6953365f72d84167e16b1e9eaa11c5ef8891dda9b' locally
[2026-10-04T23:09:05.580Z] docker.io/snyk/snyk@sha256:2bf614cc097023e2f391ddd6953365f72d84167e16b1e9eaa11c5ef8891dda9b: Pulling from snyk/snyk
[2026-10-04T23:09:06.138Z] 44136fa355b3: Already exists
[2026-10-04T23:09:06.403Z] 6eefb2f5d3e9: Pulling fs layer
[2026-10-04T23:09:06.404Z] 03c7d006bc1c: Pulling fs layer
[2026-10-04T23:09:06.404Z] 9f5162c55e46: Pulling fs layer
[2026-10-04T23:09:06.404Z] 42f0cc32f2e3: Pulling fs layer
[2026-10-04T23:09:06.404Z] 38985a14f2b1: Pulling fs layer
[2026-10-04T23:09:06.404Z] e7272a918094: Pulling fs layer
[2026-10-04T23:09:06.404Z] 72ea59146eec: Pulling fs layer
[2026-10-04T23:09:06.404Z] 44421f50b883: Pulling fs layer
[2026-10-04T23:09:06.404Z] a0dd07375443: Pulling fs layer
[2026-10-04T23:09:06.404Z] ea2589f5f313: Pulling fs layer
[2026-10-04T23:09:06.404Z] 448649965818: Pulling fs layer
[2026-10-04T23:09:06.658Z] b88f7c9e4e39: Download complete
[2026-10-04T23:09:07.576Z] a0dd07375443: Download complete
[2026-10-04T23:09:07.576Z] 03c7d006bc1c: Download complete
[2026-10-04T23:09:10.813Z] 6eefb2f5d3e9: Download complete
[2026-10-04T23:09:10.813Z] 42f0cc32f2e3: Download complete
[2026-10-04T23:09:11.065Z] 38985a14f2b1: Download complete
[2026-10-04T23:09:11.065Z] 44421f50b883: Download complete
[2026-10-04T23:09:11.316Z] 72ea59146eec: Download complete
[2026-10-04T23:09:12.664Z] 6eefb2f5d3e9: Pull complete
[2026-10-04T23:09:12.665Z] 9f5162c55e46: Download complete
[2026-10-04T23:09:12.915Z] 448649965818: Download complete
[2026-10-04T23:09:13.166Z] 42f0cc32f2e3: Pull complete
[2026-10-04T23:09:17.298Z] ea2589f5f313: Download complete
[2026-10-04T23:09:17.298Z] 38985a14f2b1: Pull complete
[2026-10-04T23:09:23.796Z] e7272a918094: Download complete
[2026-10-04T23:09:30.294Z] e7272a918094: Pull complete
[2026-10-04T23:09:30.547Z] 44421f50b883: Pull complete
[2026-10-04T23:09:32.416Z] 03c7d006bc1c: Pull complete
[2026-10-04T23:09:32.416Z] 9f5162c55e46: Pull complete
[2026-10-04T23:09:32.416Z] 448649965818: Pull complete
[2026-10-04T23:09:32.416Z] a0dd07375443: Pull complete
[2026-10-04T23:09:32.971Z] 72ea59146eec: Pull complete
[2026-10-04T23:09:32.972Z] ea2589f5f313: Pull complete
[2026-10-04T23:09:32.972Z] Digest: sha256:2bf614cc097023e2f391ddd6953365f72d84167e16b1e9eaa11c5ef8891dda9b
[2026-10-04T23:09:32.972Z] Status: Downloaded newer image for snyk/snyk@sha256:2bf614cc097023e2f391ddd6953365f72d84167e16b1e9eaa11c5ef8891dda9b
[2026-10-04T23:09:41.019Z]   WARNING: The script gunicorn is installed in '/tmp/.local/bin' which is not on PATH.
[2026-10-04T23:09:41.020Z]   Consider adding this directory to PATH or, if you prefer to suppress this warning, use --no-warn-script-location.
[2026-10-04T23:09:41.020Z]   WARNING: The script flask is installed in '/tmp/.local/bin' which is not on PATH.
[2026-10-04T23:09:41.020Z]   Consider adding this directory to PATH or, if you prefer to suppress this warning, use --no-warn-script-location.
[2026-10-04T23:09:41.020Z] 
[2026-10-04T23:09:41.020Z] [notice] A new release of pip is available: 25.0.1 -> 26.2.1
[2026-10-04T23:09:41.020Z] [notice] To update, run: pip install --upgrade pip
[2026-10-04T23:09:59.024Z] 
[2026-10-04T23:09:59.024Z] Testing  (requirements.txt) ...
[2026-10-04T23:09:59.024Z] 
[2026-10-04T23:09:59.024Z] Tested 8 dependencies for known issues, found 5 issues, 7 vulnerable paths.
[2026-10-04T23:09:59.024Z] 
[2026-10-04T23:09:59.024Z] Security issues: 5
[2026-10-04T23:09:59.024Z] 
[2026-10-04T23:09:59.024Z]  ✗ [HIGH] Remote Code Execution (RCE)
[2026-10-04T23:09:59.025Z]    Finding ID: SNYK-PYTHON-WERKZEUG-6808933
[2026-10-04T23:09:59.025Z]    Info: https://snyk.io/vuln/SNYK-PYTHON-WERKZEUG-6808933
[2026-10-04T23:09:59.025Z]    Introduced by: app@0.0.0
[2026-10-04T23:09:59.025Z]    Introduced through: app@0.0.0 > werkzeug@2.2.2 and 1 other path
[2026-10-04T23:09:59.025Z]    Risk Score: N/A
[2026-10-04T23:09:59.025Z] 
[2026-10-04T23:09:59.025Z]  ✗ [HIGH] Information Exposure
[2026-10-04T23:09:59.025Z]    Finding ID: SNYK-PYTHON-FLASK-5490129
[2026-10-04T23:09:59.025Z]    Info: https://snyk.io/vuln/SNYK-PYTHON-FLASK-5490129
[2026-10-04T23:09:59.025Z]    Introduced by: app@0.0.0
[2026-10-04T23:09:59.025Z]    Introduced through: app@0.0.0 > flask@2.2.2
[2026-10-04T23:09:59.025Z]    Risk Score: N/A
[2026-10-04T23:09:59.025Z] 
[2026-10-04T23:09:59.025Z]  ✗ [HIGH] HTTP Request Smuggling
[2026-10-04T23:09:59.025Z]    Finding ID: SNYK-PYTHON-GUNICORN-9510910
[2026-10-04T23:09:59.025Z]    Info: https://snyk.io/vuln/SNYK-PYTHON-GUNICORN-9510910
[2026-10-04T23:09:59.025Z]    Introduced by: app@0.0.0
[2026-10-04T23:09:59.025Z]    Introduced through: app@0.0.0 > gunicorn@20.1.0
[2026-10-04T23:09:59.025Z]    Risk Score: N/A
[2026-10-04T23:09:59.025Z] 
[2026-10-04T23:09:59.025Z]  ✗ [HIGH] HTTP Request Smuggling
[2026-10-04T23:09:59.025Z]    Finding ID: SNYK-PYTHON-GUNICORN-6615672
[2026-10-04T23:09:59.025Z]    Info: https://snyk.io/vuln/SNYK-PYTHON-GUNICORN-6615672
[2026-10-04T23:09:59.025Z]    Introduced by: app@0.0.0
[2026-10-04T23:09:59.025Z]    Introduced through: app@0.0.0 > gunicorn@20.1.0
[2026-10-04T23:09:59.025Z]    Risk Score: N/A
[2026-10-04T23:09:59.025Z] 
[2026-10-04T23:09:59.025Z]  ✗ [HIGH] Denial of Service (DoS)
[2026-10-04T23:09:59.025Z]    Finding ID: SNYK-PYTHON-WERKZEUG-3319936
[2026-10-04T23:09:59.025Z]    Info: https://snyk.io/vuln/SNYK-PYTHON-WERKZEUG-3319936
[2026-10-04T23:09:59.025Z]    Introduced by: app@0.0.0
[2026-10-04T23:09:59.025Z]    Introduced through: app@0.0.0 > werkzeug@2.2.2 and 1 other path
[2026-10-04T23:09:59.025Z]    Risk Score: N/A
[2026-10-04T23:09:59.025Z] 
[2026-10-04T23:09:59.025Z] Issues to fix by upgrading:
[2026-10-04T23:09:59.025Z]                            
[2026-10-04T23:09:59.025Z]   Upgrade flask@2.2.2 to flask@2.2.5 to fix
[2026-10-04T23:09:59.025Z]   ✗ Information Exposure [High Severity] [https://security.snyk.io/vuln/SNYK-PYTHON-FLASK-5490129] in flask
[2026-10-04T23:09:59.025Z]     introduced by app@0.0.0 > flask@2.2.2
[2026-10-04T23:09:59.025Z] 
[2026-10-04T23:09:59.025Z]   Upgrade gunicorn@20.1.0 to gunicorn@23.0.0 to fix
[2026-10-04T23:09:59.025Z]   ✗ HTTP Request Smuggling [High Severity] [https://security.snyk.io/vuln/SNYK-PYTHON-GUNICORN-9510910] in gunicorn
[2026-10-04T23:09:59.025Z]     introduced by app@0.0.0 > gunicorn@20.1.0
[2026-10-04T23:09:59.026Z]   ✗ HTTP Request Smuggling [High Severity] [https://security.snyk.io/vuln/SNYK-PYTHON-GUNICORN-6615672] in gunicorn
[2026-10-04T23:09:59.026Z]     introduced by app@0.0.0 > gunicorn@20.1.0
[2026-10-04T23:09:59.026Z] 
[2026-10-04T23:09:59.026Z]   Upgrade werkzeug@2.2.2 to werkzeug@3.0.3 to fix
[2026-10-04T23:09:59.026Z]   ✗ Remote Code Execution (RCE) [High Severity] [https://security.snyk.io/vuln/SNYK-PYTHON-WERKZEUG-6808933] in werkzeug
[2026-10-04T23:09:59.026Z]     introduced by app@0.0.0 > werkzeug@2.2.2
[2026-10-04T23:09:59.026Z]   ✗ Denial of Service (DoS) [High Severity] [https://security.snyk.io/vuln/SNYK-PYTHON-WERKZEUG-3319936] in werkzeug
[2026-10-04T23:09:59.026Z]     introduced by app@0.0.0 > werkzeug@2.2.2
[2026-10-04T23:09:59.026Z] 
[2026-10-04T23:09:59.026Z]         
[2026-10-04T23:09:59.026Z] 💡 Tip
[2026-10-04T23:09:59.026Z] 
[2026-10-04T23:09:59.026Z]    You are currently viewing results with --severity-threshold applied.
[2026-10-04T23:09:59.026Z]    To view all issues, remove the --severity-threshold flag            
[2026-10-04T23:09:59.026Z]                                                                        
[2026-10-04T23:09:59.026Z] ╭──────────────────────────────────────────────────────────────────────────────╮
[2026-10-04T23:09:59.026Z] │ Test Summary                                                                 │
[2026-10-04T23:09:59.026Z] │                                                                              │
[2026-10-04T23:09:59.026Z] │   Test type:         open-source                                             │
[2026-10-04T23:09:59.026Z] │   Project path:      /var/jenkins_home/workspace/sample-app-devsecops/app    │
[2026-10-04T23:09:59.026Z] │                                                                              │
[2026-10-04T23:09:59.026Z] │   Total security issues: 5                                                   │
[2026-10-04T23:09:59.026Z] │   Ignored: 0 [ 0 CRITICAL  0 HIGH  0 MEDIUM  0 LOW ]                         │
[2026-10-04T23:09:59.026Z] │   Open   : 5 [ 0 CRITICAL  5 HIGH  0 MEDIUM  0 LOW ]                         │
[2026-10-04T23:09:59.026Z] ╰──────────────────────────────────────────────────────────────────────────────╯
[2026-10-04T23:09:59.026Z] 💡 Tip
[2026-10-04T23:09:59.026Z] 
[2026-10-04T23:09:59.026Z]    To view ignored issues, use the --include-ignores option.
[2026-10-04T23:09:59.027Z]                                                             
[2026-10-04T23:09:59.027Z] 
[2026-10-04T23:09:59.027Z] Unable to find image 'python:3.12.15-slim-bookworm' locally
[2026-10-04T23:09:59.027Z] 3.12.15-slim-bookworm: Pulling from library/python
[2026-10-04T23:09:59.580Z] Digest: sha256:54c85f3c47607a77f32adec749d3c81d1348bf25833671f512b26a9b6d778cb3
[2026-10-04T23:09:59.581Z] Status: Downloaded newer image for python:3.12.15-slim-bookworm
[2026-10-04T23:09:59.832Z] snyk exit code: 1 (0 = no HIGH or CRITICAL findings, 1 = findings, 2 or more = the scan itself failed)
[Pipeline] }
[Pipeline] // withCredentials
Post stage
[Pipeline] script
[Pipeline] {
[Pipeline] }
[Pipeline] // script
[Pipeline] }
[Pipeline] // stage
[Pipeline] stage
[Pipeline] { (SonarQube analysis)
Stage "SonarQube analysis" skipped due to earlier failure(s)
[Pipeline] getContext
[Pipeline] }
[Pipeline] // stage
[Pipeline] stage
[Pipeline] { (Quality gate)
Stage "Quality gate" skipped due to earlier failure(s)
[Pipeline] getContext
[Pipeline] }
[Pipeline] // stage
[Pipeline] stage
[Pipeline] { (Secret scan (gitleaks))
Stage "Secret scan (gitleaks)" skipped due to earlier failure(s)
[Pipeline] getContext
[Pipeline] }
[Pipeline] // stage
[Pipeline] stage
[Pipeline] { (Trivy: filesystem)
Stage "Trivy: filesystem" skipped due to earlier failure(s)
[Pipeline] getContext
[Pipeline] }
[Pipeline] // stage
[Pipeline] stage
[Pipeline] { (Trivy: image)
Stage "Trivy: image" skipped due to earlier failure(s)
[Pipeline] getContext
[Pipeline] }
[Pipeline] // stage
[Pipeline] stage
[Pipeline] { (Trivy: Terraform (IaC))
Stage "Trivy: Terraform (IaC)" skipped due to earlier failure(s)
[Pipeline] getContext
[Pipeline] }
[Pipeline] // stage
[Pipeline] stage
[Pipeline] { (Deploy to a local container)
Stage "Deploy to a local container" skipped due to earlier failure(s)
[Pipeline] getContext
[Pipeline] }
[Pipeline] // stage
[Pipeline] stage
[Pipeline] { (OWASP ZAP baseline)
Stage "OWASP ZAP baseline" skipped due to earlier failure(s)
[Pipeline] getContext
[Pipeline] }
[Pipeline] // stage
[Pipeline] stage
[Pipeline] { (Publish reports)
Stage "Publish reports" skipped due to earlier failure(s)
[Pipeline] getContext
[Pipeline] }
[Pipeline] // stage
[Pipeline] stage
[Pipeline] { (Declarative: Post Actions)
[Pipeline] sh
[2026-10-04T23:10:01.805Z] teardown: containers left for this build: 0
[Pipeline] archiveArtifacts
[2026-10-04T23:10:01.864Z] Archiving artifacts
[Pipeline] sh
[Pipeline] echo
[2026-10-04T23:10:02.480Z] Pipeline failed: a gate blocked this build. See the failed stage above.
[Pipeline] script
[Pipeline] {
[Pipeline] withEnv
[Pipeline] {
[Pipeline] withCredentials
[2026-10-04T23:10:02.582Z] Masking supported pattern matches of $JIRA_API_TOKEN or $JIRA_EMAIL or $JIRA_SITE_URL or $JIRA_PROJECT_KEY
[Pipeline] {
[Pipeline] sh
[2026-10-04T23:10:08.043Z] Jira ticket request finished: HTTP 201
[2026-10-04T23:10:08.043Z] Jira ticket created, number 2
[Pipeline] }
[Pipeline] // withCredentials
[Pipeline] }
[Pipeline] // withEnv
[Pipeline] }
[Pipeline] // script
[Pipeline] }
[Pipeline] // stage
[Pipeline] }
[Pipeline] // timeout
[Pipeline] }
[2026-10-04T23:10:08.256Z] 
[Pipeline] // ansiColor
[Pipeline] }
[Pipeline] // timestamps
[Pipeline] }
[Pipeline] // withEnv
[Pipeline] }
[Pipeline] // withEnv
[Pipeline] }
[Pipeline] // node
[Pipeline] End of Pipeline
ERROR: script returned exit code 1
Finished: FAILURE
