time="2026-09-03T19:31:59Z" level=info msg="ArgoCD API Server is starting" built="2024-04-15T08:45:08Z" commit=b060053b099b4c81c1e635839a309c9c8c1863e9 namespace=argocd port=8080 version=v2.10.7+b060053
time="2026-09-03T19:31:59Z" level=info msg="Starting configmap/secret informers"
W0903 19:31:59.709633       7 reflector.go:424] pkg/mod/k8s.io/client-go@v0.26.11/tools/cache/reflector.go:169: failed to list *v1.ConfigMap: configmaps is forbidden: User "system:serviceaccount:argocd:default" cannot list resource "configmaps" in API group "" in the namespace "argocd"
E0903 19:31:59.709881       7 reflector.go:140] pkg/mod/k8s.io/client-go@v0.26.11/tools/cache/reflector.go:169: Failed to watch *v1.ConfigMap: failed to list *v1.ConfigMap: configmaps is forbidden: User "system:serviceaccount:argocd:default" cannot list resource "configmaps" in API group "" in the namespace "argocd"
W0903 19:31:59.709858       7 reflector.go:424] pkg/mod/k8s.io/client-go@v0.26.11/tools/cache/reflector.go:169: failed to list *v1.Secret: secrets is forbidden: User "system:serviceaccount:argocd:default" cannot list resource "secrets" in API group "" in the namespace "argocd"
E0903 19:31:59.709955       7 reflector.go:140] pkg/mod/k8s.io/client-go@v0.26.11/tools/cache/reflector.go:169: Failed to watch *v1.Secret: failed to list *v1.Secret: secrets is forbidden: User "system:serviceaccount:argocd:default" cannot list resource "secrets" in API group "" in the namespace "argocd"
W0903 19:32:00.738027       7 reflector.go:424] pkg/mod/k8s.io/client-go@v0.26.11/tools/cache/reflector.go:169: failed to list *v1.Secret: secrets is forbidden: User "system:serviceaccount:argocd:default" cannot list resource "secrets" in API group "" in the namespace "argocd"
E0903 19:32:00.738069       7 reflector.go:140] pkg/mod/k8s.io/client-go@v0.26.11/tools/cache/reflector.go:169: Failed to watch *v1.Secret: failed to list *v1.Secret: secrets is forbidden: User "system:serviceaccount:argocd:default" cannot list resource "secrets" in API group "" in the namespace "argocd"
W0903 19:32:00.885861       7 reflector.go:424] pkg/mod/k8s.io/client-go@v0.26.11/tools/cache/reflector.go:169: failed to list *v1.ConfigMap: configmaps is forbidden: User "system:serviceaccount:argocd:default" cannot list resource "configmaps" in API group "" in the namespace "argocd"
E0903 19:32:00.885891       7 reflector.go:140] pkg/mod/k8s.io/client-go@v0.26.11/tools/cache/reflector.go:169: Failed to watch *v1.ConfigMap: failed to list *v1.ConfigMap: configmaps is forbidden: User "system:serviceaccount:argocd:default" cannot list resource "configmaps" in API group "" in the namespace "argocd"
W0903 19:32:02.385597       7 reflector.go:424] pkg/mod/k8s.io/client-go@v0.26.11/tools/cache/reflector.go:169: failed to list *v1.Secret: secrets is forbidden: User "system:serviceaccount:argocd:default" cannot list resource "secrets" in API group "" in the namespace "argocd"
E0903 19:32:02.385648       7 reflector.go:140] pkg/mod/k8s.io/client-go@v0.26.11/tools/cache/reflector.go:169: Failed to watch *v1.Secret: failed to list *v1.Secret: secrets is forbidden: User "system:serviceaccount:argocd:default" cannot list resource "secrets" in API group "" in the namespace "argocd"
W0903 19:32:03.054236       7 reflector.go:424] pkg/mod/k8s.io/client-go@v0.26.11/tools/cache/reflector.go:169: failed to list *v1.ConfigMap: configmaps is forbidden: User "system:serviceaccount:argocd:default" cannot list resource "configmaps" in API group "" in the namespace "argocd"
E0903 19:32:03.054378       7 reflector.go:140] pkg/mod/k8s.io/client-go@v0.26.11/tools/cache/reflector.go:169: Failed to watch *v1.ConfigMap: failed to list *v1.ConfigMap: configmaps is forbidden: User "system:serviceaccount:argocd:default" cannot list resource "configmaps" in API group "" in the namespace "argocd"
W0903 19:32:08.677430       7 reflector.go:424] pkg/mod/k8s.io/client-go@v0.26.11/tools/cache/reflector.go:169: failed to list *v1.Secret: secrets is forbidden: User "system:serviceaccount:argocd:default" cannot list resource "secrets" in API group "" in the namespace "argocd"
E0903 19:32:08.677483       7 reflector.go:140] pkg/mod/k8s.io/client-go@v0.26.11/tools/cache/reflector.go:169: Failed to watch *v1.Secret: failed to list *v1.Secret: secrets is forbidden: User "system:serviceaccount:argocd:default" cannot list resource "secrets" in API group "" in the namespace "argocd"
W0903 19:32:09.340371       7 reflector.go:424] pkg/mod/k8s.io/client-go@v0.26.11/tools/cache/reflector.go:169: failed to list *v1.ConfigMap: configmaps is forbidden: User "system:serviceaccount:argocd:default" cannot list resource "configmaps" in API group "" in the namespace "argocd"
E0903 19:32:09.340637       7 reflector.go:140] pkg/mod/k8s.io/client-go@v0.26.11/tools/cache/reflector.go:169: Failed to watch *v1.ConfigMap: failed to list *v1.ConfigMap: configmaps is forbidden: User "system:serviceaccount:argocd:default" cannot list resource "configmaps" in API group "" in the namespace "argocd"
W0903 19:32:18.893925       7 reflector.go:424] pkg/mod/k8s.io/client-go@v0.26.11/tools/cache/reflector.go:169: failed to list *v1.ConfigMap: configmaps is forbidden: User "system:serviceaccount:argocd:default" cannot list resource "configmaps" in API group "" in the namespace "argocd"
E0903 19:32:18.894428       7 reflector.go:140] pkg/mod/k8s.io/client-go@v0.26.11/tools/cache/reflector.go:169: Failed to watch *v1.ConfigMap: failed to list *v1.ConfigMap: configmaps is forbidden: User "system:serviceaccount:argocd:default" cannot list resource "configmaps" in API group "" in the namespace "argocd"
W0903 19:32:20.055399       7 reflector.go:424] pkg/mod/k8s.io/client-go@v0.26.11/tools/cache/reflector.go:169: failed to list *v1.Secret: secrets is forbidden: User "system:serviceaccount:argocd:default" cannot list resource "secrets" in API group "" in the namespace "argocd"
E0903 19:32:20.055422       7 reflector.go:140] pkg/mod/k8s.io/client-go@v0.26.11/tools/cache/reflector.go:169: Failed to watch *v1.Secret: failed to list *v1.Secret: secrets is forbidden: User "system:serviceaccount:argocd:default" cannot list resource "secrets" in API group "" in the namespace "argocd"
W0903 19:32:37.145793       7 reflector.go:424] pkg/mod/k8s.io/client-go@v0.26.11/tools/cache/reflector.go:169: failed to list *v1.ConfigMap: configmaps is forbidden: User "system:serviceaccount:argocd:default" cannot list resource "configmaps" in API group "" in the namespace "argocd"
E0903 19:32:37.145906       7 reflector.go:140] pkg/mod/k8s.io/client-go@v0.26.11/tools/cache/reflector.go:169: Failed to watch *v1.ConfigMap: failed to list *v1.ConfigMap: configmaps is forbidden: User "system:serviceaccount:argocd:default" cannot list resource "configmaps" in API group "" in the namespace "argocd"
W0903 19:32:40.775522       7 reflector.go:424] pkg/mod/k8s.io/client-go@v0.26.11/tools/cache/reflector.go:169: failed to list *v1.Secret: secrets is forbidden: User "system:serviceaccount:argocd:default" cannot list resource "secrets" in API group "" in the namespace "argocd"
E0903 19:32:40.775851       7 reflector.go:140] pkg/mod/k8s.io/client-go@v0.26.11/tools/cache/reflector.go:169: Failed to watch *v1.Secret: failed to list *v1.Secret: secrets is forbidden: User "system:serviceaccount:argocd:default" cannot list resource "secrets" in API group "" in the namespace "argocd"
W0903 19:33:13.496609       7 reflector.go:424] pkg/mod/k8s.io/client-go@v0.26.11/tools/cache/reflector.go:169: failed to list *v1.ConfigMap: configmaps is forbidden: User "system:serviceaccount:argocd:default" cannot list resource "configmaps" in API group "" in the namespace "argocd"
E0903 19:33:13.496718       7 reflector.go:140] pkg/mod/k8s.io/client-go@v0.26.11/tools/cache/reflector.go:169: Failed to watch *v1.ConfigMap: failed to list *v1.ConfigMap: configmaps is forbidden: User "system:serviceaccount:argocd:default" cannot list resource "configmaps" in API group "" in the namespace "argocd"
W0903 19:33:23.681103       7 reflector.go:424] pkg/mod/k8s.io/client-go@v0.26.11/tools/cache/reflector.go:169: failed to list *v1.Secret: secrets is forbidden: User "system:serviceaccount:argocd:default" cannot list resource "secrets" in API group "" in the namespace "argocd"
E0903 19:33:23.681186       7 reflector.go:140] pkg/mod/k8s.io/client-go@v0.26.11/tools/cache/reflector.go:169: Failed to watch *v1.Secret: failed to list *v1.Secret: secrets is forbidden: User "system:serviceaccount:argocd:default" cannot list resource "secrets" in API group "" in the namespace "argocd"
